../Core/Src/main.c:131:7:sendSPIdata	16	static
../Core/Src/main.c:153:6:displayDigit	48	static
../Core/Src/main.c:180:6:displayLetters	48	static
../Core/Src/main.c:207:7:displayPassword	32	static
../Core/Src/main.c:222:6:checkColumn	24	static
../Core/Src/main.c:247:6:keyPress	88	static
../Core/Src/main.c:270:11:getDistance	16	static
../Core/Src/main.c:292:15:IdleStateHandler	8	static
../Core/Src/main.c:314:15:KeyPressHandler	16	static
../Core/Src/main.c:345:15:CheckPasswordHandler	4	static
../Core/Src/main.c:350:15:IncorrectPasswordHandler	8	static
../Core/Src/main.c:374:15:CorrectPasswordHandler	8	static
../Core/Src/main.c:384:15:SoundAlarmHandler	8	static
../Core/Src/main.c:395:5:main	16	static
../Core/Src/main.c:492:6:SystemClock_Config	88	static
../Core/Src/main.c:539:13:MX_ADC1_Init	24	static
../Core/Src/main.c:591:13:MX_I2C1_Init	8	static
../Core/Src/main.c:639:13:MX_SPI1_Init	8	static
../Core/Src/main.c:679:13:MX_TIM1_Init	40	static
../Core/Src/main.c:726:13:MX_USART3_UART_Init	8	static
../Core/Src/main.c:761:13:MX_USB_OTG_FS_PCD_Init	8	static
../Core/Src/main.c:796:13:MX_GPIO_Init	64	static
../Core/Src/main.c:961:6:Error_Handler	4	static,ignoring_inline_asm
